../FLASH/w25flash.c:15:19:SPI_TransmitOneByte	16	static
../FLASH/w25flash.c:21:19:SPI_TransmitBytes	16	static
../FLASH/w25flash.c:27:9:SPI_ReceiveOneByte	16	static
../FLASH/w25flash.c:35:19:SPI_ReceiveBytes	16	static
../FLASH/w25flash.c:41:9:Flash_ReadSR1	16	static
../FLASH/w25flash.c:52:9:Flash_ReadSR2	16	static
../FLASH/w25flash.c:65:6:Flash_WriteSR1	16	static
../FLASH/w25flash.c:89:19:Flash_Write_Enable	16	static
../FLASH/w25flash.c:99:19:Flash_Write_Disable	16	static
../FLASH/w25flash.c:110:10:Flash_Addr_byBlock	24	static
../FLASH/w25flash.c:121:10:Flash_Addr_bySector	24	static
../FLASH/w25flash.c:134:10:Flash_Addr_byPage	24	static
../FLASH/w25flash.c:145:10:Flash_Addr_byBlockSector	24	static
../FLASH/w25flash.c:167:10:Flash_Addr_byBlockSectorPage	24	static
../FLASH/w25flash.c:194:6:Flash_SpliteAddr	24	static
../FLASH/w25flash.c:217:10:Flash_ReadID	16	static
../FLASH/w25flash.c:235:10:Flash_ReadSerialNum	64	static
../FLASH/w25flash.c:276:9:Flash_ReadOneByte	24	static
../FLASH/w25flash.c:295:6:Flash_ReadBytes	32	static
../FLASH/w25flash.c:310:6:Flash_FastReadBytes	32	static
../FLASH/w25flash.c:331:6:Flash_EraseChip	8	static
../FLASH/w25flash.c:347:6:Flash_WriteInPage	32	static
../FLASH/w25flash.c:376:6:Flash_WriteSector	48	static
../FLASH/w25flash.c:407:6:Flash_EraseBlock64K	24	static
../FLASH/w25flash.c:430:6:Flash_EraseSector	24	static
../FLASH/w25flash.c:449:10:Flash_Wait_Busy	16	static
../FLASH/w25flash.c:465:6:Flash_PowerDown	8	static
../FLASH/w25flash.c:475:6:Flash_WakeUp	8	static
